osm2pgsql -c -C 16000 --flat-nodes /home/big-data/tmp/osm2pgsql-nodes.bin --number-processes=5 -p planet_osm -m -G -s -S ./osm2pgsql-choosen.style -d gis -r pbf /home/big-data/tmp/planet-latest.osm.pbf
2026-02-07 15:47:36  osm2pgsql version 1.8.0
2026-02-07 15:47:36  Database version: 15.15 (Debian 15.15-0+deb12u1)
2026-02-07 15:47:36  PostGIS version: 3.3
2026-02-07 15:47:36  Setting up table 'planet_osm_point'
2026-02-07 15:47:36  Setting up table 'planet_osm_line'
2026-02-07 15:47:36  Setting up table 'planet_osm_polygon'
2026-02-07 15:47:36  Setting up table 'planet_osm_roads'
2026-02-08 13:22:40  Reading input files done in 77704s (21h 35m 4s).
2026-02-08 13:22:40    Processed 10402497353 nodes in 2820s (47m 0s) - 3689k/s
2026-02-08 13:22:40    Processed 1160116840 ways in 48619s (13h 30m 19s) - 24k/s
2026-02-08 13:22:40    Processed 14059170 relations in 26265s (7h 17m 45s) - 535/s
2026-02-08 13:22:41  Clustering table 'planet_osm_roads' by geometry...
2026-02-08 13:22:41  Clustering table 'planet_osm_polygon' by geometry...
2026-02-08 13:22:41  Clustering table 'planet_osm_point' by geometry...
2026-02-08 13:22:41  Clustering table 'planet_osm_line' by geometry...
2026-02-08 13:22:45  Done postprocessing on table 'planet_osm_nodes' in 0s
2026-02-08 13:22:45  Building index on table 'planet_osm_ways'
2026-02-08 13:42:40  Creating geometry index on table 'planet_osm_roads'...
2026-02-08 13:47:56  Creating osm_id index on table 'planet_osm_roads'...
2026-02-08 13:48:57  Analyzing table 'planet_osm_roads'...
2026-02-08 13:48:59  Building index on table 'planet_osm_rels'
2026-02-08 13:59:10  Creating geometry index on table 'planet_osm_point'...
2026-02-08 14:15:55  Creating osm_id index on table 'planet_osm_point'...
2026-02-08 14:18:26  Analyzing table 'planet_osm_point'...
2026-02-08 14:42:57  Creating geometry index on table 'planet_osm_line'...
2026-02-08 15:03:15  Creating osm_id index on table 'planet_osm_line'...
2026-02-08 15:07:30  Analyzing table 'planet_osm_line'...
2026-02-08 15:18:53  Creating geometry index on table 'planet_osm_polygon'...
2026-02-08 15:53:53  Creating osm_id index on table 'planet_osm_polygon'...
2026-02-08 16:01:26  Analyzing table 'planet_osm_polygon'...
2026-02-08 18:20:38  Done postprocessing on table 'planet_osm_ways' in 17873s (4h 57m 53s)
2026-02-08 18:20:38  Done postprocessing on table 'planet_osm_rels' in 1188s (19m 48s)
2026-02-08 18:20:38  All postprocessing on table 'planet_osm_point' done in 3346s (55m 46s).
2026-02-08 18:20:38  All postprocessing on table 'planet_osm_line' done in 6290s (1h 44m 50s).
2026-02-08 18:20:38  All postprocessing on table 'planet_osm_polygon' done in 9526s (2h 38m 46s).
2026-02-08 18:20:38  All postprocessing on table 'planet_osm_roads' done in 1577s (26m 17s).
2026-02-08 18:20:38  osm2pgsql took 95581s (26h 33m 1s) overall.
